
> intelia-expert-frontend@1.0.0 build
> next build

  Γû▓ Next.js 14.2.30
  - Environments: .env.local

   Creating an optimized production build ...
node.exe : <w> [webpack.cache.PackFileCacheStrategy] Serializing big strings (108kiB) impacts deserialization performance (consider using Buffer instead and decode when needed)
Au caractère C:\Program Files\nodejs\npm.ps1:29 : 3
+   & $NODE_EXE $NPM_CLI_JS $args
+   ~~~~~~~~~~~~~~~~~~~~~~~~~~~~~
    + CategoryInfo          : NotSpecified: (<w> [webpack.ca...de when needed):String) [], RemoteException
    + FullyQualifiedErrorId : NativeCommandError
 
 ΓÜá Compiled with warnings

./node_modules/@supabase/supabase-js/dist/module/index.js
A Node.js API is used (process.version at line: 17) which is not supported in the Edge Runtime.
Learn more: https://nextjs.org/docs/api-reference/edge-runtime

Import trace for requested module:
./node_modules/@supabase/supabase-js/dist/module/index.js
./node_modules/@supabase/auth-helpers-shared/dist/index.mjs
./node_modules/@supabase/auth-helpers-nextjs/dist/index.js

./node_modules/@supabase/supabase-js/dist/module/index.js
A Node.js API is used (process.version at line: 18) which is not supported in the Edge Runtime.
Learn more: https://nextjs.org/docs/api-reference/edge-runtime

Import trace for requested module:
./node_modules/@supabase/supabase-js/dist/module/index.js
./node_modules/@supabase/auth-helpers-shared/dist/index.mjs
./node_modules/@supabase/auth-helpers-nextjs/dist/index.js

./node_modules/@supabase/supabase-js/dist/module/index.js
A Node.js API is used (process.version at line: 21) which is not supported in the Edge Runtime.
Learn more: https://nextjs.org/docs/api-reference/edge-runtime

Import trace for requested module:
./node_modules/@supabase/supabase-js/dist/module/index.js
./node_modules/@supabase/auth-helpers-shared/dist/index.mjs
./node_modules/@supabase/auth-helpers-nextjs/dist/index.js

 Γ£ô Compiled successfully
   Linting and checking validity of types ...
Failed to compile.

./lib/auth.ts:12:8
Type error: File 'C:/intelia_gpt/intelia-expert/frontend/lib/errors/auth-errors.ts' is not a module.

[0m [90m 10 |[39m   [33mTooManyRequestsError[39m[33m,[39m[0m
[0m [90m 11 |[39m   [33mNetworkError[39m [0m
[0m[31m[1m>[22m[39m[90m 12 |[39m } [36mfrom[39m [32m'./errors/auth-errors'[39m[0m
[0m [90m    |[39m        [31m[1m^[22m[39m[0m
[0m [90m 13 |[39m[0m
[0m [90m 14 |[39m [36mexport[39m [36minterface[39m [33mLoginCredentials[39m {[0m
[0m [90m 15 |[39m   email[33m:[39m string[0m
Next.js build worker exited with code: 1 and signal: null
